..............................................
----------------------------------------------------------------------
Ran 46 tests

OK
